var2: train (1000, 3), features ['x1', 'x2', 'x3']
  degree  1 (    3 terms): best alpha=3 CV MSE=35.1266  CV R2=0.262589
  degree  2 (    9 terms): best alpha=10 CV MSE=22.7037  CV R2=0.523383
  degree  3 (   19 terms): best alpha=0 CV MSE=12.2473  CV R2=0.742893
  degree  4 (   34 terms): best alpha=0 CV MSE=3.5551  CV R2=0.925368
  degree  5 (   55 terms): best alpha=0.1 CV MSE=1.49048  CV R2=0.968710
  degree  6 (   83 terms): best alpha=0.1 CV MSE=0.623138  CV R2=0.986918
  degree  7 (  119 terms): best alpha=0.01 CV MSE=0.340928  CV R2=0.992843
  degree  8 (  164 terms): best alpha=0.01 CV MSE=0.26026  CV R2=0.994536
  degree  9 (  219 terms): best alpha=0.1 CV MSE=0.261786  CV R2=0.994504
  degree 10 (  285 terms): best alpha=1 CV MSE=0.251112  CV R2=0.994728
  degree 11 (  363 terms): best alpha=1 CV MSE=0.249565  CV R2=0.994761
  degree 12 (  454 terms): best alpha=3 CV MSE=0.250959  CV R2=0.994732
  degree 13 (  559 terms): best alpha=3 CV MSE=0.25566  CV R2=0.994633
  degree 14 (  679 terms): best alpha=3 CV MSE=0.263054  CV R2=0.994478
  degree 15 (  815 terms): best alpha=3 CV MSE=0.271312  CV R2=0.994304
  degree 16 (  968 terms): best alpha=3 CV MSE=0.281088  CV R2=0.994099
  degree 17 ( 1139 terms): best alpha=3 CV MSE=0.289539  CV R2=0.993922
  degree 18 ( 1329 terms): best alpha=3 CV MSE=0.299003  CV R2=0.993723
  degree 19 ( 1539 terms): best alpha=3 CV MSE=0.307432  CV R2=0.993546
  degree 20 ( 1770 terms): best alpha=3 CV MSE=0.315989  CV R2=0.993366
Selected degree=11, alpha=1, CV MSE=0.249565, CV R2=0.994761
Saved outputs\model_var2.pkl
